// Jest Snapshot v1, https://goo.gl/fbAQLP

exports[`NoDelegateCall runtime overhead [ @skip-on-coverage ] 1`] = `41`;
